// Jest Snapshot v1, https://goo.gl/fbAQLP

exports[`Label should match snapshot 1`] = `
<div>
  <label
    class="flex items-center gap-2 text-sm leading-none font-medium select-none group-data-[disabled=true]:pointer-events-none group-data-[disabled=true]:opacity-50 peer-disabled:cursor-not-allowed peer-disabled:opacity-50"
    data-slot="label"
  >
    Confirm Password
  </label>
</div>
`;
