// Jest Snapshot v1, https://goo.gl/fbAQLP

exports[`MagneticGlassCard should match snapshot 1`] = `
<div>
  <div
    class="relative overflow-hidden backdrop-blur-md @supports not (backdrop-filter: blur(1px)) { } border bg-white/20 dark:bg-black/20 supports-[backdrop-filter]:bg-white/15 supports-[backdrop-filter]:dark:bg-black/15 border-white/30 dark:border-white/20 rounded-xl p-6 shadow-xl shadow-black/10 dark:shadow-black/30 before:absolute before:inset-0 before:rounded-[inherit] before:border before:border-white/20 before:dark:border-white/10 magnetic-hover transition-transform duration-300 ease-out"
  />
</div>
`;
