// Jest Snapshot v1, https://goo.gl/fbAQLP

exports[`SiteFooter should match snapshot 1`] = `
<div>
  <footer
    class="mt-20 bg-gradient-to-b from-slate-50 to-white dark:from-slate-900 dark:to-slate-950"
  >
    <div
      class="container mx-auto px-4 py-16"
    >
      <div
        class="grid grid-cols-1 md:grid-cols-4 gap-8 mb-12"
      >
        <div
          class="md:col-span-2"
        >
          <div
            class="flex items-center gap-2 mb-4"
          >
            <div
              class="w-8 h-8 rounded-lg bg-gradient-to-r from-blue-600 to-purple-600 flex items-center justify-center"
            >
              <svg
                aria-hidden="true"
                class="lucide lucide-code-xml w-4 h-4 text-white"
                fill="none"
                height="24"
                stroke="currentColor"
                stroke-linecap="round"
                stroke-linejoin="round"
                stroke-width="2"
                viewBox="0 0 24 24"
                width="24"
                xmlns="http://www.w3.org/2000/svg"
              >
                <path
                  d="m18 16 4-4-4-4"
                />
                <path
                  d="m6 8-4 4 4 4"
                />
                <path
                  d="m14.5 4-5 16"
                />
              </svg>
            </div>
            <h3
              class="text-xl font-bold bg-gradient-to-r from-slate-900 to-slate-600 dark:from-white dark:to-slate-300 bg-clip-text text-transparent"
            >
              SaaS Kit
            </h3>
          </div>
          <p
            class="text-slate-600 dark:text-slate-400 mb-6 max-w-md leading-relaxed"
          >
            The complete Next.js SaaS starter kit with authentication, payments, database, and beautiful UI components. Ship your SaaS faster with production-ready code.
          </p>
          <div
            class="flex flex-wrap gap-2"
          >
            <span
              class="inline-flex items-center justify-center rounded-md border px-2 py-0.5 text-xs font-medium w-fit whitespace-nowrap shrink-0 [&>svg]:size-3 gap-1 [&>svg]:pointer-events-none focus-visible:border-ring focus-visible:ring-ring/50 focus-visible:ring-[3px] aria-invalid:ring-destructive/20 dark:aria-invalid:ring-destructive/40 aria-invalid:border-destructive transition-[color,box-shadow] overflow-hidden border-transparent [a&]:hover:bg-secondary/90 bg-blue-100 text-blue-800 dark:bg-blue-900 dark:text-blue-200"
              data-slot="badge"
            >
              <svg
                aria-hidden="true"
                class="lucide lucide-zap w-3 h-3 mr-1"
                fill="none"
                height="24"
                stroke="currentColor"
                stroke-linecap="round"
                stroke-linejoin="round"
                stroke-width="2"
                viewBox="0 0 24 24"
                width="24"
                xmlns="http://www.w3.org/2000/svg"
              >
                <path
                  d="M4 14a1 1 0 0 1-.78-1.63l9.9-10.2a.5.5 0 0 1 .86.46l-1.92 6.02A1 1 0 0 0 13 10h7a1 1 0 0 1 .78 1.63l-9.9 10.2a.5.5 0 0 1-.86-.46l1.92-6.02A1 1 0 0 0 11 14z"
                />
              </svg>
              Next.js 15
            </span>
            <span
              class="inline-flex items-center justify-center rounded-md border px-2 py-0.5 text-xs font-medium w-fit whitespace-nowrap shrink-0 [&>svg]:size-3 gap-1 [&>svg]:pointer-events-none focus-visible:border-ring focus-visible:ring-ring/50 focus-visible:ring-[3px] aria-invalid:ring-destructive/20 dark:aria-invalid:ring-destructive/40 aria-invalid:border-destructive transition-[color,box-shadow] overflow-hidden border-transparent [a&]:hover:bg-secondary/90 bg-purple-100 text-purple-800 dark:bg-purple-900 dark:text-purple-200"
              data-slot="badge"
            >
              TypeScript
            </span>
            <span
              class="inline-flex items-center justify-center rounded-md border px-2 py-0.5 text-xs font-medium w-fit whitespace-nowrap shrink-0 [&>svg]:size-3 gap-1 [&>svg]:pointer-events-none focus-visible:border-ring focus-visible:ring-ring/50 focus-visible:ring-[3px] aria-invalid:ring-destructive/20 dark:aria-invalid:ring-destructive/40 aria-invalid:border-destructive transition-[color,box-shadow] overflow-hidden border-transparent [a&]:hover:bg-secondary/90 bg-green-100 text-green-800 dark:bg-green-900 dark:text-green-200"
              data-slot="badge"
            >
              Supabase
            </span>
          </div>
        </div>
        <div>
          <h4
            class="font-semibold text-slate-900 dark:text-slate-100 mb-4"
          >
            Quick Links
          </h4>
          <div
            class="space-y-3"
          >
            <a
              class="block text-slate-600 dark:text-slate-400 hover:text-slate-900 dark:hover:text-slate-100 transition-colors"
              href="/pricing"
            >
              Pricing
            </a>
            <a
              class="block text-slate-600 dark:text-slate-400 hover:text-slate-900 dark:hover:text-slate-100 transition-colors"
              href="/login"
            >
              Sign In
            </a>
            <a
              class="block text-slate-600 dark:text-slate-400 hover:text-slate-900 dark:hover:text-slate-100 transition-colors"
              href="/signup"
            >
              Get Started
            </a>
          </div>
        </div>
        <div>
          <h4
            class="font-semibold text-slate-900 dark:text-slate-100 mb-4"
          >
            Resources
          </h4>
          <div
            class="space-y-3"
          >
            <a
              class="flex items-center gap-2 text-slate-600 dark:text-slate-400 hover:text-slate-900 dark:hover:text-slate-100 transition-colors group"
              href="https://github.com/ronimoe/saaskit"
              rel="noopener noreferrer"
              target="_blank"
            >
              <svg
                aria-hidden="true"
                class="lucide lucide-github w-4 h-4 group-hover:scale-110 transition-transform"
                fill="none"
                height="24"
                stroke="currentColor"
                stroke-linecap="round"
                stroke-linejoin="round"
                stroke-width="2"
                viewBox="0 0 24 24"
                width="24"
                xmlns="http://www.w3.org/2000/svg"
              >
                <path
                  d="M15 22v-4a4.8 4.8 0 0 0-1-3.5c3 0 6-2 6-5.5.08-1.25-.27-2.48-1-3.5.28-1.15.28-2.35 0-3.5 0 0-1 0-3 1.5-2.64-.5-5.36-.5-8 0C6 2 5 2 5 2c-.3 1.15-.3 2.35 0 3.5A5.403 5.403 0 0 0 4 9c0 3.5 3 5.5 6 5.5-.39.49-.68 1.05-.85 1.65-.17.6-.22 1.23-.15 1.85v4"
                />
                <path
                  d="M9 18c-4.51 2-5-2-7-2"
                />
              </svg>
              GitHub Repository
            </a>
            <div
              class="flex items-center gap-2 text-slate-600 dark:text-slate-400"
            >
              <svg
                aria-hidden="true"
                class="lucide lucide-mail w-4 h-4"
                fill="none"
                height="24"
                stroke="currentColor"
                stroke-linecap="round"
                stroke-linejoin="round"
                stroke-width="2"
                viewBox="0 0 24 24"
                width="24"
                xmlns="http://www.w3.org/2000/svg"
              >
                <path
                  d="m22 7-8.991 5.727a2 2 0 0 1-2.009 0L2 7"
                />
                <rect
                  height="16"
                  rx="2"
                  width="20"
                  x="2"
                  y="4"
                />
              </svg>
              hello@saaskit.com
            </div>
            <div
              class="flex items-center gap-2 text-slate-600 dark:text-slate-400"
            >
              <svg
                aria-hidden="true"
                class="lucide lucide-globe w-4 h-4"
                fill="none"
                height="24"
                stroke="currentColor"
                stroke-linecap="round"
                stroke-linejoin="round"
                stroke-width="2"
                viewBox="0 0 24 24"
                width="24"
                xmlns="http://www.w3.org/2000/svg"
              >
                <circle
                  cx="12"
                  cy="12"
                  r="10"
                />
                <path
                  d="M12 2a14.5 14.5 0 0 0 0 20 14.5 14.5 0 0 0 0-20"
                />
                <path
                  d="M2 12h20"
                />
              </svg>
              www.saaskit.com
            </div>
          </div>
        </div>
      </div>
      <div
        class="bg-border shrink-0 data-[orientation=horizontal]:h-px data-[orientation=horizontal]:w-full data-[orientation=vertical]:h-full data-[orientation=vertical]:w-px mb-8"
        data-orientation="horizontal"
        data-slot="separator"
        role="none"
      />
      <div
        class="flex flex-col md:flex-row justify-between items-center gap-4"
      >
        <div
          class="flex items-center gap-2 text-sm text-slate-500 dark:text-slate-400"
        >
          <span>
            Â© 2025 SaaS Kit. Built with
          </span>
          <svg
            aria-hidden="true"
            class="lucide lucide-heart w-4 h-4 text-red-500"
            fill="none"
            height="24"
            stroke="currentColor"
            stroke-linecap="round"
            stroke-linejoin="round"
            stroke-width="2"
            viewBox="0 0 24 24"
            width="24"
            xmlns="http://www.w3.org/2000/svg"
          >
            <path
              d="M19 14c1.49-1.46 3-3.21 3-5.5A5.5 5.5 0 0 0 16.5 3c-1.76 0-3 .5-4.5 2-1.5-1.5-2.74-2-4.5-2A5.5 5.5 0 0 0 2 8.5c0 2.3 1.5 4.05 3 5.5l7 7Z"
            />
          </svg>
          <span>
            for the love of code
          </span>
        </div>
        <a
          class="inline-flex items-center justify-center whitespace-nowrap text-sm font-medium transition-all disabled:pointer-events-none disabled:opacity-50 [&_svg]:pointer-events-none [&_svg:not([class*='size-'])]:size-4 shrink-0 [&_svg]:shrink-0 outline-none focus-visible:border-ring focus-visible:ring-ring/50 focus-visible:ring-[3px] aria-invalid:ring-destructive/20 dark:aria-invalid:ring-destructive/40 aria-invalid:border-destructive border bg-background shadow-xs hover:text-accent-foreground dark:bg-input/30 h-8 rounded-md gap-1.5 px-3 has-[>svg]:px-2.5 border-slate-200 dark:border-slate-700 hover:bg-slate-50 dark:hover:bg-slate-800 flex items-center gap-2"
          data-slot="button"
          href="https://github.com/ronimoe/saaskit"
          rel="noopener noreferrer"
          target="_blank"
        >
          <svg
            aria-hidden="true"
            class="lucide lucide-github w-4 h-4"
            fill="none"
            height="24"
            stroke="currentColor"
            stroke-linecap="round"
            stroke-linejoin="round"
            stroke-width="2"
            viewBox="0 0 24 24"
            width="24"
            xmlns="http://www.w3.org/2000/svg"
          >
            <path
              d="M15 22v-4a4.8 4.8 0 0 0-1-3.5c3 0 6-2 6-5.5.08-1.25-.27-2.48-1-3.5.28-1.15.28-2.35 0-3.5 0 0-1 0-3 1.5-2.64-.5-5.36-.5-8 0C6 2 5 2 5 2c-.3 1.15-.3 2.35 0 3.5A5.403 5.403 0 0 0 4 9c0 3.5 3 5.5 6 5.5-.39.49-.68 1.05-.85 1.65-.17.6-.22 1.23-.15 1.85v4"
            />
            <path
              d="M9 18c-4.51 2-5-2-7-2"
            />
          </svg>
          Star on GitHub
        </a>
      </div>
    </div>
  </footer>
</div>
`;
